------------------------------------------------------------
TimeQuest Timing Analyzer Summary
------------------------------------------------------------

Type  : Slow Model Setup 'u1|pll_clk|altpll_component|pll|clk[0]'
Slack : 3.798
TNS   : 0.000

Type  : Slow Model Setup 'clk100'
Slack : 6.158
TNS   : 0.000

Type  : Slow Model Setup 'clk'
Slack : 86.058
TNS   : 0.000

Type  : Slow Model Hold 'clk'
Slack : 0.499
TNS   : 0.000

Type  : Slow Model Hold 'clk100'
Slack : 0.499
TNS   : 0.000

Type  : Slow Model Hold 'u1|pll_clk|altpll_component|pll|clk[0]'
Slack : 0.499
TNS   : 0.000

Type  : Slow Model Minimum Pulse Width 'clk100'
Slack : 3.758
TNS   : 0.000

Type  : Slow Model Minimum Pulse Width 'u1|pll_clk|altpll_component|pll|clk[0]'
Slack : 17.223
TNS   : 0.000

Type  : Slow Model Minimum Pulse Width 'clk'
Slack : 44.258
TNS   : 0.000

Type  : Fast Model Setup 'clk100'
Slack : 8.640
TNS   : 0.000

Type  : Fast Model Setup 'u1|pll_clk|altpll_component|pll|clk[0]'
Slack : 28.936
TNS   : 0.000

Type  : Fast Model Setup 'clk'
Slack : 89.065
TNS   : 0.000

Type  : Fast Model Hold 'clk'
Slack : 0.215
TNS   : 0.000

Type  : Fast Model Hold 'clk100'
Slack : 0.215
TNS   : 0.000

Type  : Fast Model Hold 'u1|pll_clk|altpll_component|pll|clk[0]'
Slack : 0.215
TNS   : 0.000

Type  : Fast Model Minimum Pulse Width 'clk100'
Slack : 4.000
TNS   : 0.000

Type  : Fast Model Minimum Pulse Width 'u1|pll_clk|altpll_component|pll|clk[0]'
Slack : 18.077
TNS   : 0.000

Type  : Fast Model Minimum Pulse Width 'clk'
Slack : 44.500
TNS   : 0.000

------------------------------------------------------------
